I'm sorry, but errors were detected in your script. Please correct the
errors listed below, and try again.


File "game/script.rpy", line 9: end of line expected.
    M "Hello" M"My name is Mark Rutte"
              ^

Ren'Py Version: Ren'Py 7.3.5.606
Sun Jul 12 16:26:00 2020
